{
  "hosts":[
    {
      "hostnqn":"nqn.2014-08.org.nvmexpress:uuid:ce4fee3e-c02c-11ee-8442-830d068a36c6",
      "hostid":"ce4fee3e-c02c-11ee-8442-830d068a36c6",
      "subsystems":[
        {
          "name":"nvme-subsys0",
          "nqn":"nqn.2014.08.org.nvmexpress:106b106b0ba01e49841cc620    APPLE SSD AP2048Z",
          "namespaces":[
            {
              "nsid":1,
              "name":"nvme0n1",
              "controller":[
                {
                  "name":"nvme0",
                  "transport":"apple-nvme",
                  "traddr":"27bcc0000.nvme"
                }
              ]
            },
            {
              "nsid":2,
              "name":"nvme0n2",
              "controller":[
                {
                  "name":"nvme0",
                  "transport":"apple-nvme",
                  "traddr":"27bcc0000.nvme"
                }
              ]
            },
            {
              "nsid":3,
              "name":"nvme0n3",
              "controller":[
                {
                  "name":"nvme0",
                  "transport":"apple-nvme",
                  "traddr":"27bcc0000.nvme"
                }
              ]
            }
          ]
        }
      ]
    }
  ]
}
